// Snapshot v1

exports[`snapshot testing > of elements 1`] = `
"<simple-greeting name="WebdriverIO">
  <template shadowroot="open" shadowrootmode="open">
    <style>:host { color: blue; }</style>
    <div>
      <p>Hello Sir, WebdriverIO! Does this work?</p>
      <button>Good</button>
      <hr />
      <em></em>
      <sub-elem>
        <template shadowroot="open" shadowrootmode="open">
          <style>.selectMeToo { color: blue; }</style>
          <div>
            <p class="selectMe">I am within another shadow root element</p>
            <p class="selectMeToo">I am within another shadow root element as well</p>
          </div>
        </template>
      </sub-elem>
    </div>
  </template>
</simple-greeting>"
`;

exports[`snapshot testing > of objects 1`] = `
{
  "parsed": {
    "alpha": 0,
    "hex": "#000000",
    "rgba": "rgba(0,0,0,0)",
    "type": "color",
  },
  "property": "background-color",
  "value": "rgba(0,0,0,0)",
}
`;

exports[`snapshot testing > of objects 3`] = `
{
  "foo": "bar",
}
`;
