// Snapshot v1

exports[`Stencil Component Testing > can auto peirce shadow dom 1`] = `"<div class="nested"><nested-component><shadow-root><i>I am a transparent component in a nested context!</i><a href="#">I am a link</a></shadow-root></nested-component></div>"`;

exports[`Stencil Component Testing > can auto peirce shadow dom 2`] = `"<div class="nested second"><nested-component><shadow-root><i>I am a transparent component in a second nested context!</i><a href="#">I am a link</a></shadow-root></nested-component><app-profile><shadow-root><div class="app-profile"><p>Hello! My name is Stencil.</p><nested-component><shadow-root><i>I am a nested component!</i><a href="#">I am a link</a></shadow-root></nested-component></div></shadow-root></app-profile></div>"`;
