// Jest Snapshot v1, https://goo.gl/fbAQLP

exports[`WDIO Element matchers > should able to use WDIO element matchers 1`] = `
"<div data-alert=\\"\\" id=\\"flash\\" class=\\"flash success\\">
            You logged into a secure area!
            <a href=\\"#\\" class=\\"close\\">×</a>
          </div>"
`;

exports[`WDIO Element matchers > should able to use WDIO element matchers 2`] = `
"<div data-alert=\\"\\" id=\\"flash\\" class=\\"flash success\\">
            You logged into a secure area!
            <a href=\\"#\\" class=\\"close\\">×</a>
          </div>"
`;

exports[`WDIO Element matchers > should able to use WDIO element matchers: snapshot flash 1`] = `
"<div data-alert=\\"\\" id=\\"flash\\" class=\\"flash success\\">
            You logged into a secure area!
            <a href=\\"#\\" class=\\"close\\">×</a>
          </div>"
`;
